robotics_semantic/images/train/frame_0001.jpg robotics_semantic/labels/train/frame_0001.png
robotics_semantic/images/train/frame_0002.jpg robotics_semantic/labels/train/frame_0002.png
robotics_semantic/images/train/frame_0009.jpg robotics_semantic/labels/train/frame_0009.png
robotics_semantic/images/train/frame_0012.jpg robotics_semantic/labels/train/frame_0012.png
robotics_semantic/images/train/frame_0013.jpg robotics_semantic/labels/train/frame_0013.png
robotics_semantic/images/train/frame_0017.jpg robotics_semantic/labels/train/frame_0017.png
robotics_semantic/images/train/frame_0019.jpg robotics_semantic/labels/train/frame_0019.png
robotics_semantic/images/train/frame_0021.jpg robotics_semantic/labels/train/frame_0021.png
robotics_semantic/images/train/frame_0023.jpg robotics_semantic/labels/train/frame_0023.png
robotics_semantic/images/train/frame_0024.jpg robotics_semantic/labels/train/frame_0024.png
robotics_semantic/images/train/frame_0026.jpg robotics_semantic/labels/train/frame_0026.png
robotics_semantic/images/train/frame_0028.jpg robotics_semantic/labels/train/frame_0028.png
robotics_semantic/images/train/frame_0029.jpg robotics_semantic/labels/train/frame_0029.png
robotics_semantic/images/train/frame_0030.jpg robotics_semantic/labels/train/frame_0030.png
robotics_semantic/images/train/frame_0032.jpg robotics_semantic/labels/train/frame_0032.png
robotics_semantic/images/train/frame_0035.jpg robotics_semantic/labels/train/frame_0035.png
robotics_semantic/images/train/frame_0037.jpg robotics_semantic/labels/train/frame_0037.png
robotics_semantic/images/train/frame_0039.jpg robotics_semantic/labels/train/frame_0039.png
robotics_semantic/images/train/frame_0040.jpg robotics_semantic/labels/train/frame_0040.png
robotics_semantic/images/train/frame_0041.jpg robotics_semantic/labels/train/frame_0041.png
robotics_semantic/images/train/frame_0063.jpg robotics_semantic/labels/train/frame_0063.png
robotics_semantic/images/train/frame_0064.jpg robotics_semantic/labels/train/frame_0064.png
robotics_semantic/images/train/frame_0066.jpg robotics_semantic/labels/train/frame_0066.png
robotics_semantic/images/train/frame_0069.jpg robotics_semantic/labels/train/frame_0069.png
robotics_semantic/images/train/frame_0072.jpg robotics_semantic/labels/train/frame_0072.png
robotics_semantic/images/train/frame_0075.jpg robotics_semantic/labels/train/frame_0075.png
robotics_semantic/images/train/frame_0077.jpg robotics_semantic/labels/train/frame_0077.png
robotics_semantic/images/train/frame_0078.jpg robotics_semantic/labels/train/frame_0078.png
robotics_semantic/images/train/frame_0083.jpg robotics_semantic/labels/train/frame_0083.png
robotics_semantic/images/train/frame_0085.jpg robotics_semantic/labels/train/frame_0085.png
robotics_semantic/images/train/frame_0086.jpg robotics_semantic/labels/train/frame_0086.png
robotics_semantic/images/train/frame_0088.jpg robotics_semantic/labels/train/frame_0088.png
robotics_semantic/images/train/frame_0089.jpg robotics_semantic/labels/train/frame_0089.png
robotics_semantic/images/train/frame_0090.jpg robotics_semantic/labels/train/frame_0090.png
robotics_semantic/images/train/frame_0093.jpg robotics_semantic/labels/train/frame_0093.png
robotics_semantic/images/train/frame_0094.jpg robotics_semantic/labels/train/frame_0094.png
robotics_semantic/images/train/frame_0095.jpg robotics_semantic/labels/train/frame_0095.png
robotics_semantic/images/train/frame_0097.jpg robotics_semantic/labels/train/frame_0097.png
robotics_semantic/images/train/frame_0101.jpg robotics_semantic/labels/train/frame_0101.png
robotics_semantic/images/train/frame_0102.jpg robotics_semantic/labels/train/frame_0102.png
robotics_semantic/images/train/frame_0121.jpg robotics_semantic/labels/train/frame_0121.png
robotics_semantic/images/train/frame_0122.jpg robotics_semantic/labels/train/frame_0122.png
robotics_semantic/images/train/frame_0126.jpg robotics_semantic/labels/train/frame_0126.png
robotics_semantic/images/train/frame_0127.jpg robotics_semantic/labels/train/frame_0127.png
robotics_semantic/images/train/frame_0128.jpg robotics_semantic/labels/train/frame_0128.png
robotics_semantic/images/train/frame_0130.jpg robotics_semantic/labels/train/frame_0130.png
robotics_semantic/images/train/frame_0131.jpg robotics_semantic/labels/train/frame_0131.png
robotics_semantic/images/train/frame_0132.jpg robotics_semantic/labels/train/frame_0132.png
robotics_semantic/images/train/frame_0134.jpg robotics_semantic/labels/train/frame_0134.png
robotics_semantic/images/train/frame_0135.jpg robotics_semantic/labels/train/frame_0135.png
robotics_semantic/images/train/frame_0136.jpg robotics_semantic/labels/train/frame_0136.png
robotics_semantic/images/train/frame_0137.jpg robotics_semantic/labels/train/frame_0137.png
robotics_semantic/images/train/frame_0139.jpg robotics_semantic/labels/train/frame_0139.png
robotics_semantic/images/train/frame_0143.jpg robotics_semantic/labels/train/frame_0143.png
robotics_semantic/images/train/frame_0146.jpg robotics_semantic/labels/train/frame_0146.png
robotics_semantic/images/train/frame_0150.jpg robotics_semantic/labels/train/frame_0150.png
robotics_semantic/images/train/frame_0151.jpg robotics_semantic/labels/train/frame_0151.png
robotics_semantic/images/train/frame_0152.jpg robotics_semantic/labels/train/frame_0152.png
robotics_semantic/images/train/frame_0155.jpg robotics_semantic/labels/train/frame_0155.png
robotics_semantic/images/train/frame_0157.jpg robotics_semantic/labels/train/frame_0157.png
robotics_semantic/images/train/frame_0159.jpg robotics_semantic/labels/train/frame_0159.png
robotics_semantic/images/train/frame_0167.jpg robotics_semantic/labels/train/frame_0167.png
robotics_semantic/images/train/frame_0169.jpg robotics_semantic/labels/train/frame_0169.png
robotics_semantic/images/train/frame_0170.jpg robotics_semantic/labels/train/frame_0170.png
robotics_semantic/images/train/frame_0172.jpg robotics_semantic/labels/train/frame_0172.png
robotics_semantic/images/train/frame_0175.jpg robotics_semantic/labels/train/frame_0175.png
robotics_semantic/images/train/frame_0176.jpg robotics_semantic/labels/train/frame_0176.png
robotics_semantic/images/train/frame_0177.jpg robotics_semantic/labels/train/frame_0177.png
robotics_semantic/images/train/frame_0179.jpg robotics_semantic/labels/train/frame_0179.png
robotics_semantic/images/train/frame_0180.jpg robotics_semantic/labels/train/frame_0180.png
